R7 latency · model k2-horizon-7b · load 1.90 3.02 2.84
Warm-up (server start + "Sag nur: Hallo."), load 1.90 3.02 2.84
  < Hallo.
  = Warm-up: first word 5763 ms (lease 2112, Pi start 165, request→word 3485), total 5885 ms, tools [], tokens in 1731 + cache 0, out 12, load 2.23 3.07 2.86
  Case b: short enough to send inline: yes, 1056 characters
  Case k: short enough to send inline: yes, 610 characters
  Case n: short enough to send inline: yes, 288 characters

## Round 1 · case b · short texts ON
  < Du musst noch **312,00 €** zahlen. Die Zahlung ist bis zum **06.11.2026** fällig.
  = R7LAT b on r1: first word 10793 ms (lease 0, Pi start 101, request→word 10691), total 12329 ms, tools [], tokens in 418 + cache 1720, out 187, load 2.32 3.05 2.85

## Round 1 · case b · short texts OFF
  < Du musst noch **312,00 €** zahlen, und zwar bis zum **06.11.2026** auf das Konto des Finanzamts (IBAN DE00 0000 0000 0000 0000 00, mit Steuernummer 123/456/78901). ⏎  ⏎ Hinweis aus dem Schreiben: Du kannst innerhalb eines Monats nach Bekanntgabe Einspruch einlegen (eine Einspruch hält die Zahlung aber nicht auf).
  = R7LAT b off r1: first word 17189 ms (lease 1, Pi start 112, request→word 17074), total 22011 ms, tools ["mcp__pippa__read_document"], tokens in 489 + cache 3614, out 396, load 2.81 3.12 2.89

## Round 1 · case k · short texts OFF
  < Die Gesundheitskasse will von dir eine **Schulbescheinigung** für das Schuljahr 2026/2027. ⏎  ⏎ Was du tun musst: ⏎  ⏎ - Die Bescheinigung bis zum **31.10.2026** an die Kasse über das Online-Postfach senden. ⏎ - Sonst endet die Familienversicherung deines Sohnes zum **30.11.2026**. ⏎  ⏎ Die Kasse schreibt an Frau Erika Mustermann, Versichertennummer X000000000.
  = R7LAT k off r1: first word 11376 ms (lease 1, Pi start 123, request→word 11250), total 16576 ms, tools ["mcp__pippa__read_document"], tokens in 412 + cache 3566, out 296, load 3.63 3.31 2.96

## Round 1 · case k · short texts ON
  < Die Krankenkasse will von dir eine **Schulbescheinigung für das Schuljahr 2026/2027**. Damit deine Familienversicherung für deinen Sohn nach dem 18. Geburtstag weiterlaufen kann, musst du sie bis zum **31.10.2026** an die Krankenkasse schicken – am besten über deren Online-Postfach. ⏎  ⏎ Wichtig: Kommt die Bescheinigung nicht rechtzeitig an, endet die Familienversicherung am **30.11.2026**. ⏎  ⏎ K
  = R7LAT k on r1: first word 20439 ms (lease 1, Pi start 136, request→word 20301), total 28386 ms, tools [], tokens in 209 + cache 1802, out 483, load 3.54 3.32 2.97

## Round 1 · case n · short texts ON
  < Der Nachbarin wurde ein Paket zugestellt (Absender: Versandhaus Beispiel) und sie will wissen, wann es abgehakt werden kann. Sie ist morgen bis 13 Uhr zu Hause, ab Donnerstag wieder nachmittags.
  = R7LAT n on r1: first word 12200 ms (lease 2, Pi start 153, request→word 12044), total 14627 ms, tools [], tokens in 153 + cache 1747, out 246, load 4.17 3.47 3.03

## Round 1 · case n · short texts OFF
  < Die Nachbarin (Frau Beispiel, 2. OG) hat heute Vormittag ein Paket für Sie angenommen – der Absender ist das Versandhaus „Beispiel“, das Paket war ziemlich schwer. Sie fragt, wann Sie es abholen können. Sie ist morgen bis 13 Uhr zu Hause, ab Donnerstag wieder nachmittags. ⏎  ⏎ Kurz gesagt: Sie will wissen, wann Sie das Paket abholen können – und dann antwortet sie auf ihre Frage.
  = R7LAT n off r1: first word 9643 ms (lease 1, Pi start 118, request→word 9523), total 14842 ms, tools ["read"], tokens in 162 + cache 3595, out 277, load 3.76 3.41 3.02

## Round 2 · case b · short texts OFF
  < Du musst noch 312,00 € zahlen, und zwar bis zum 06.11.2026 überweisen. ⏎  ⏎ Die Steuernummer 123/456/78901 und die IBAN DE00 0000 0000 0000 0000 00 gehören auf die Überweisung. ⏎  ⏎ Den Brief hast du am 02.10.2026 erhalten. Ein Einspruch kann innerhalb eines Monats nach Bekanntgabe eingelegt werden, hält die Zahlung aber nicht auf.
  = R7LAT b off r2: first word 17905 ms (lease 1, Pi start 120, request→word 17782), total 23292 ms, tools ["mcp__pippa__read_document"], tokens in 572 + cache 3561, out 404, load 3.30 3.33 3.00

## Round 2 · case b · short texts ON
  < Du musst noch **312,00 €** zahlen, und zwar **bis zum 06.11.2026** überweisen (IBAN DE00 0000 0000 0000 0000 00, Steuernummer 123/456/78901).
  = R7LAT b on r2: first word 18759 ms (lease 1, Pi start 121, request→word 18636), total 21712 ms, tools [], tokens in 338 + cache 1800, out 398, load 3.25 3.31 3.00

## Round 2 · case k · short texts ON
  < Hallo, gut, ich habe den Brief gelesen. Hier steht drin: ⏎  ⏎ Die Kasse will eine **Schulbescheinigung für das Schuljahr 2026/2027** — also eine Bescheinigung, dass dein Sohn in der Schule ist. Damit kann die Familienversicherung deines Sohnes über seinen 18. Geburtstag hinaus fortgesetzt werden. ⏎  ⏎ Die Bescheinigung muss **bis zum 31.10.2026** bei der Kasse in das Online-Postfach geschickt werd
  = R7LAT k on r2: first word 19478 ms (lease 1, Pi start 123, request→word 19353), total 27393 ms, tools [], tokens in 261 + cache 1750, out 527, load 2.80 3.20 2.97

## Round 2 · case k · short texts OFF
  < Die Krankenkasse will eine **Schulbescheinigung für das Schuljahr 2026/2027** — dafür, dass die Familienversicherung für deinen Sohn über seinen 18. Geburtstag hinaus weiterläuft. ⏎  ⏎ - **Was liegt nicht vor:** eine Bescheinigung des Sohnes, mit dem Namen, der Versicherungsnummer (X000000000) und dem 05.10.2026 Datum. ⏎ - **Bis wann:** 31.10.2026, am besten über das Online-Postfach der Kasse. ⏎ -
  = R7LAT k off r2: first word 16576 ms (lease 1, Pi start 130, request→word 16444), total 24993 ms, tools ["mcp__pippa__read_document"], tokens in 400 + cache 3618, out 468, load 2.49 3.10 2.94

## Round 2 · case n · short texts OFF
  < Dein Nachbarin hat dir ein Paket zugestellt (Absender: Versandhaus Beispiel) und fragt nur, wann du es abholen kannst. Sie ist morgen bis 13 Uhr zu Hause, ab Donnerstag abends.
  = R7LAT n off r2: first word 8321 ms (lease 1, Pi start 130, request→word 8189), total 10766 ms, tools ["read"], tokens in 206 + cache 3550, out 198, load 2.25 3.03 2.92

## Round 2 · case n · short texts ON
  < Der Nachbar will wissen, wann du das Paket abholen kannst. Er bietet an, dass du es morgen bis 13 Uhr abholen kannst, ab Donnerstag wieder nachmittags.
  = R7LAT n on r2: first word 5779 ms (lease 1, Pi start 122, request→word 5655), total 7707 ms, tools [], tokens in 108 + cache 1792, out 147, load 2.21 2.99 2.91

## Round 3 · case b · short texts ON
  < Du musst **312,00 €** zahlen, und zwar **bis zum 06.11.2026**. ⏎  ⏎ Der Betrag ist der Unterschied zwischen der festgesetzten Steuer (4.812,00 €) und dem bereits gezahlten Lohnsteuer-Abzug (4.500,00 €). Die Zahlung geht auf das Konto des Finanzamts Musterstadt, unter Angabe der Steuernummer 123/456/78901.
  = R7LAT b on r3: first word 8551 ms (lease 1, Pi start 119, request→word 8430), total 12970 ms, tools [], tokens in 391 + cache 1747, out 245, load 2.18 2.96 2.89

## Round 3 · case b · short texts OFF
  < Du musst 312,00 € zahlen. Der Bescheid setzt die Steuer auf 4.812,00 € fest, davon sind bereits 4.500,00 € gezahlt (Lohnsteuer). ⏎  ⏎ Zahlbar ist der Betrag bis zum 06.11.2026 an das Konto des Finanzamts Musterstadt, IBAN DE00 0000 0000 0000 0000 00, mit Angabe der Steuernummer 123/456/78901.
  = R7LAT b off r3: first word 17008 ms (lease 1, Pi start 119, request→word 16887), total 21860 ms, tools ["mcp__pippa__read_document"], tokens in 528 + cache 3614, out 403, load 2.15 2.90 2.87

## Round 3 · case k · short texts OFF
  < Die Krankenkasse will von dir eine **Schulbescheinigung** für das Schuljahr 2026/2027. ⏎  ⏎ Konkret: ⏎ - Du sendest die Bescheinigung bis zum **31.10.2026** an die Kasse, am besten über ihr Online-Postfach. ⏎ - Ohne Bescheinigung endet die Familienversicherung deines Sohnes am **30.11.2026**. ⏎  ⏎ Die Kasse will damit prüfen, ob der Sohn in die Schule geht und die Versicherung über das 18. Geburts
  = R7LAT k off r3: first word 13980 ms (lease 1, Pi start 145, request→word 13833), total 19430 ms, tools ["mcp__pippa__read_document"], tokens in 411 + cache 3566, out 378, load 1.81 2.77 2.83

## Round 3 · case k · short texts ON
  < Die Kasse will von dir eine **Schulbescheinigung für das Schuljahr 2026/2027**. Damit kann die Familienversicherung deines Sohnes über das 18. Geburtstag hinaus fortgesetzt werden. ⏎  ⏎ Details: ⏎ - **Was:** Schulbescheinigung für 2026/2027 ⏎ - **Bis wann:** 31.10.2026, über das Online-Postfach der Kasse ⏎ - **Wichtig:** Liegt die Bescheinigung nicht vor, endet die Familienversicherung am **30.11.
  = R7LAT k on r3: first word 13524 ms (lease 1, Pi start 126, request→word 13395), total 22119 ms, tools [], tokens in 209 + cache 1802, out 434, load 1.94 2.74 2.81

## Round 3 · case n · short texts ON
  < Der Nachbarin geht es um die Abholung eines Pakets. Sie hat das Paket seit heute Morgen angenommen und möchte wissen, wann es dem Empfänger convenient ist, das Paket abzuholen. Sie bietet an: morgen bis 13 Uhr zu Hause, ab Donnerstag wieder abends.
  = R7LAT n on r3: first word 5872 ms (lease 1, Pi start 147, request→word 5724), total 9066 ms, tools [], tokens in 153 + cache 1747, out 157, load 2.27 2.78 2.83

## Round 3 · case n · short texts OFF
  < Der Nachbarin geht es darum, wann Sie das Paket abholen möchten. Sie hat gestern Vormittag ein Paket für Sie angenommen und bittet um einen Abholtermin. Sie sagt: sie ist morgen bis 13 Uhr zu Hause, ab Donnerstag wieder nachmittags.
  = R7LAT n off r3: first word 15486 ms (lease 1, Pi start 154, request→word 15330), total 18451 ms, tools ["read"], tokens in 230 + cache 3595, out 348, load 3.50 3.01 2.91
